// Jest Snapshot v1, https://goo.gl/fbAQLP

exports[`Counter Snapshot 1`] = `
<div
  className="counter"
>
  <div
    className="counter__button"
    onClick={[Function]}
  >
    -
  </div>
  <div
    className="counter__text"
  >
    Obecnie masz 5 sztuk produktu
  </div>
  <div
    className="counter__button"
    onClick={[Function]}
  >
    +
  </div>
</div>
`;
